Lexeme                     Token                         Position
_________________________________________________________________________
